<?xml version="1.0"?>
<root>
  <name>i want tothis and  that</name>
</root>
