<?xml version="1.0"?>
<root>
    <num_16>
        <parent>aaa</parent>
        <numLinks>3</numLinks>
        <child>
            <parent>abc</parent>
            <numLinks>3</numLinks>
        </child>
    </num_16>
    <num_17>
        <parent>bb</parent>
        <numLinks>3</numLinks>
        <child>
            <num_16>
                <parent>abb</parent>
                <numLinks>3</numLinks>
                <child>
                    <num_16>
                        <parent>abc</parent>
                        <numLinks>3</numLinks>
                    </num_16>
                </child>
            </num_16>
            <num_17>
                <parent>acb</parent>
                <numLinks>3</numLinks>
            </num_17>
        </child>
    </num_17>
</root>
