<?xml version="1.0"?>
<root>
  <testFalse>false</testFalse>
  <testTrue>true</testTrue>
</root>
