<?xml version="1.0"?>
<root>
  <testFalse/>
  <testTrue>1</testTrue>
</root>
