<?xml version="1.0"?>
<root xmlns:xsi="http://www.w3.org/2001/XMLSchema-instance">
  <testString/>
  <testNull xsi:nil="true"/>
</root>
